stm32f4xx_hal_uart.c:2713:13:UART_EndTxTransfer	0	static
stm32f4xx_hal_uart.c:2727:13:UART_EndRxTransfer	0	static
stm32f4xx_hal_uart.c:2929:26:UART_Transmit_IT	0	static
stm32f4xx_hal_uart.c:3072:13:UART_SetConfig	32	static
stm32f4xx_hal_uart.c:2681:26:UART_WaitOnFlagUntilTimeout	24	static
stm32f4xx_hal_uart.c:667:13:HAL_UART_MspInit	0	static
stm32f4xx_hal_uart.c:317:19:HAL_UART_Init	8	static
stm32f4xx_hal_uart.c:392:19:HAL_HalfDuplex_Init	8	static
stm32f4xx_hal_uart.c:465:19:HAL_LIN_Init	16	static
stm32f4xx_hal_uart.c:546:19:HAL_MultiProcessor_Init	16	static
stm32f4xx_hal_uart.c:682:13:HAL_UART_MspDeInit	0	static
stm32f4xx_hal_uart.c:623:19:HAL_UART_DeInit	8	static
stm32f4xx_hal_uart.c:1019:19:HAL_UART_Transmit	32	static
stm32f4xx_hal_uart.c:1101:19:HAL_UART_Receive	32	static
stm32f4xx_hal_uart.c:1189:19:HAL_UART_Transmit_IT	0	static
stm32f4xx_hal_uart.c:1231:19:HAL_UART_Receive_IT	0	static
stm32f4xx_hal_uart.c:1279:19:HAL_UART_Transmit_DMA	16	static
stm32f4xx_hal_uart.c:1344:19:HAL_UART_Receive_DMA	24	static
stm32f4xx_hal_uart.c:1411:19:HAL_UART_DMAPause	0	static
stm32f4xx_hal_uart.c:1448:19:HAL_UART_DMAResume	8	static
stm32f4xx_hal_uart.c:1484:19:HAL_UART_DMAStop	8	static
stm32f4xx_hal_uart.c:1536:19:HAL_UART_Abort	8	static
stm32f4xx_hal_uart.c:1618:19:HAL_UART_AbortTransmit	8	static
stm32f4xx_hal_uart.c:1669:19:HAL_UART_AbortReceive	8	static
stm32f4xx_hal_uart.c:2158:13:HAL_UART_TxCpltCallback	0	static
stm32f4xx_hal_uart.c:2533:13:UART_DMATransmitCplt	8	static
stm32f4xx_hal_uart.c:2976:26:UART_EndTransmit_IT	8	static
stm32f4xx_hal_uart.c:2173:13:HAL_UART_TxHalfCpltCallback	0	static
stm32f4xx_hal_uart.c:2568:13:UART_DMATxHalfCplt	8	static
stm32f4xx_hal_uart.c:2188:13:HAL_UART_RxCpltCallback	0	static
stm32f4xx_hal_uart.c:2587:13:UART_DMAReceiveCplt	8	static
stm32f4xx_hal_uart.c:3001:26:UART_Receive_IT	8	static
stm32f4xx_hal_uart.c:2203:13:HAL_UART_RxHalfCpltCallback	0	static
stm32f4xx_hal_uart.c:2621:13:UART_DMARxHalfCplt	8	static
stm32f4xx_hal_uart.c:2218:13:HAL_UART_ErrorCallback	0	static
stm32f4xx_hal_uart.c:2640:13:UART_DMAError	8	static
stm32f4xx_hal_uart.c:2759:13:UART_DMAAbortOnError	8	static
stm32f4xx_hal_uart.c:2232:13:HAL_UART_AbortCpltCallback	0	static
stm32f4xx_hal_uart.c:1723:19:HAL_UART_Abort_IT	8	static
stm32f4xx_hal_uart.c:2828:13:UART_DMARxAbortCallback	8	static
stm32f4xx_hal_uart.c:2783:13:UART_DMATxAbortCallback	8	static
stm32f4xx_hal_uart.c:2247:13:HAL_UART_AbortTransmitCpltCallback	0	static
stm32f4xx_hal_uart.c:1851:19:HAL_UART_AbortTransmit_IT	8	static
stm32f4xx_hal_uart.c:2873:13:UART_DMATxOnlyAbortCallback	8	static
stm32f4xx_hal_uart.c:2262:13:HAL_UART_AbortReceiveCpltCallback	0	static
stm32f4xx_hal_uart.c:1928:19:HAL_UART_AbortReceive_IT	8	static
stm32f4xx_hal_uart.c:2901:13:UART_DMARxOnlyAbortCallback	8	static
stm32f4xx_hal_uart.c:2301:19:HAL_LIN_SendBreak	0	static
stm32f4xx_hal_uart.c:2328:19:HAL_MultiProcessor_EnterMuteMode	0	static
stm32f4xx_hal_uart.c:2355:19:HAL_MultiProcessor_ExitMuteMode	0	static
stm32f4xx_hal_uart.c:2382:19:HAL_HalfDuplex_EnableTransmitter	0	static
stm32f4xx_hal_uart.c:2417:19:HAL_HalfDuplex_EnableReceiver	0	static
stm32f4xx_hal_uart.c:2474:23:HAL_UART_GetState	0	static
stm32f4xx_hal_uart.c:2489:10:HAL_UART_GetError	0	static
stm32f4xx_hal_uart.c:2743:14:HAL_UART_RxIdleCallback	0	static
stm32f4xx_hal_uart.c:1998:6:HAL_UART_IRQHandler	32	static
