eMPL_outputs.c:282:20:inv_start_eMPL_outputs	8	static
eMPL_outputs.c:230:20:inv_generate_eMPL_outputs	24	static
eMPL_outputs.c:293:20:inv_init_eMPL_outputs	8	static
eMPL_outputs.c:288:20:inv_stop_eMPL_outputs	8	static
eMPL_outputs.c:46:5:inv_get_sensor_type_accel	8	static
eMPL_outputs.c:63:5:inv_get_sensor_type_gyro	8	static
eMPL_outputs.c:80:5:inv_get_sensor_type_compass	8	static
eMPL_outputs.c:98:5:inv_get_sensor_type_quat	16	static
eMPL_outputs.c:114:5:inv_get_sensor_type_heading	32	static
eMPL_outputs.c:151:5:inv_get_sensor_type_euler	96	static
eMPL_outputs.c:222:5:inv_get_sensor_type_rot_mat	16	static
eMPL_outputs.c:302:13:inv_enable_eMPL_outputs	8	static
eMPL_outputs.c:314:13:inv_disable_eMPL_outputs	8	static
