MPL_HAL_STM32F4.h:23:5:stm32f4_i2c_write	48	static
inv_mpu.c:644:12:set_int_enable	16	static
MPL_HAL_STM32F4.h:41:5:stm32f4_i2c_read	0	static
inv_mpu.c:2130:12:get_st_biases	48	static
inv_mpu.c:2470:12:get_st_6500_biases	552	static
inv_mpu.c:2287:12:accel_6500_self_test	40	static
inv_mpu.c:2377:12:gyro_6500_self_test	40	static
MPL_HAL_STM32F4.h:47:5:stm32_delay_ms	0	static
MPL_HAL_STM32F4.h:52:5:stm32__get_clock_ms	0	static
MPL_HAL_STM32F4.h:56:5:MPL_LOGI	0	static
MPL_HAL_STM32F4.h:60:5:MPL_LOGE	0	static
inv_mpu.c:676:5:mpu_reg_dump	16	static
inv_mpu.c:698:5:mpu_read_reg	8	static
inv_mpu.c:903:5:mpu_get_gyro_reg	16	static
inv_mpu.c:926:5:mpu_get_accel_reg	16	static
inv_mpu.c:949:5:mpu_get_temperature	24	static
inv_mpu.c:975:5:mpu_read_6500_accel_bias	24	static
inv_mpu.c:997:5:mpu_read_6050_accel_bias	24	static
inv_mpu.c:1011:5:mpu_read_6500_gyro_bias	24	static
inv_mpu.c:1033:5:mpu_set_gyro_bias_reg	16	static
inv_mpu.c:1063:5:mpu_set_accel_bias_6050_reg	32	static
inv_mpu.c:1101:5:mpu_set_accel_bias_6500_reg	32	static
inv_mpu.c:1135:5:mpu_reset_fifo	16	static
inv_mpu.c:1197:5:mpu_get_gyro_fsr	0	static
inv_mpu.c:1224:5:mpu_set_gyro_fsr	16	static
inv_mpu.c:1261:5:mpu_get_accel_fsr	0	static
inv_mpu.c:1289:5:mpu_set_accel_fsr	16	static
inv_mpu.c:1326:5:mpu_get_lpf	0	static
inv_mpu.c:1362:5:mpu_set_lpf	16	static
inv_mpu.c:1401:5:mpu_get_sample_rate	0	static
inv_mpu.c:1463:5:mpu_get_compass_sample_rate	0	static
inv_mpu.c:1485:5:mpu_set_compass_sample_rate	16	static
inv_mpu.c:1507:5:mpu_get_gyro_sens	0	static
inv_mpu.c:1533:5:mpu_get_accel_sens	0	static
inv_mpu.c:1565:5:mpu_get_fifo_config	0	static
inv_mpu.c:1580:5:mpu_configure_fifo	16	static
inv_mpu.c:1622:5:mpu_get_power_state	0	static
inv_mpu.c:1718:5:mpu_get_int_status	16	static
inv_mpu.c:1747:5:mpu_read_fifo	64	static
inv_mpu.c:1828:5:mpu_read_fifo_stream	48	static
inv_mpu.c:1866:5:mpu_set_bypass	24	static
inv_mpu.c:2990:12:setup_compass	16	static
inv_mpu.c:2066:12:compass_self_test	32	static
inv_mpu.c:1916:5:mpu_set_int_level	0	static
inv_mpu.c:1928:5:mpu_set_int_latched	16	static
inv_mpu.c:812:5:mpu_lp_accel_mode	24	static
inv_mpu.c:1416:5:mpu_set_sample_rate	24	static
inv_mpu.c:1641:5:mpu_set_sensors	16	static
inv_mpu.c:720:5:mpu_init	16	static
inv_mpu.c:2837:5:mpu_write_mem	24	static
inv_mpu.c:2870:5:mpu_read_mem	24	static
inv_mpu.c:2902:5:mpu_load_firmware	64	static
inv_mpu.c:2943:5:mpu_set_dmp_state	24	static
inv_mpu.c:2612:5:mpu_run_6500_self_test	64	static
inv_mpu.c:2733:5:mpu_run_self_test	32	static
inv_mpu.c:2982:5:mpu_get_dmp_state	0	static
inv_mpu.c:3098:5:mpu_get_compass_reg	32	static
inv_mpu.c:3151:5:mpu_get_compass_fsr	0	static
inv_mpu.c:3199:5:mpu_lp_motion_interrupt	24	static
