inv_mpu_dmp_motion_driver.c:1188:12:decode_gesture	16	static
inv_mpu_dmp_motion_driver.c:503:5:dmp_load_motion_driver_firmware	8	static
inv_mpu_dmp_motion_driver.c:516:5:dmp_set_orientation	32	static
inv_mpu_dmp_motion_driver.c:571:5:dmp_set_gyro_bias	48	static
inv_mpu_dmp_motion_driver.c:623:5:dmp_set_accel_bias	56	static
inv_mpu_dmp_motion_driver.c:675:5:dmp_set_fifo_rate	32	static
inv_mpu_dmp_motion_driver.c:701:5:dmp_get_fifo_rate	0	static
inv_mpu_dmp_motion_driver.c:713:5:dmp_set_tap_thresh	24	static
inv_mpu_dmp_motion_driver.c:779:5:dmp_set_tap_axes	16	static
inv_mpu_dmp_motion_driver.c:797:5:dmp_set_tap_count	16	static
inv_mpu_dmp_motion_driver.c:815:5:dmp_set_tap_time	16	static
inv_mpu_dmp_motion_driver.c:831:5:dmp_set_tap_time_multi	16	static
inv_mpu_dmp_motion_driver.c:849:5:dmp_set_shake_reject_thresh	16	static
inv_mpu_dmp_motion_driver.c:868:5:dmp_set_shake_reject_time	16	static
inv_mpu_dmp_motion_driver.c:886:5:dmp_set_shake_reject_timeout	16	static
inv_mpu_dmp_motion_driver.c:901:5:dmp_get_pedometer_step_count	16	static
inv_mpu_dmp_motion_driver.c:922:5:dmp_set_pedometer_step_count	16	static
inv_mpu_dmp_motion_driver.c:938:5:dmp_get_pedometer_walk_time	16	static
inv_mpu_dmp_motion_driver.c:958:5:dmp_set_pedometer_walk_time	16	static
inv_mpu_dmp_motion_driver.c:1110:5:dmp_get_enabled_features	0	static
inv_mpu_dmp_motion_driver.c:1125:5:dmp_enable_gyro_cal	24	static
inv_mpu_dmp_motion_driver.c:1143:5:dmp_enable_lp_quat	16	static
inv_mpu_dmp_motion_driver.c:1167:5:dmp_enable_6x_lp_quat	16	static
inv_mpu_dmp_motion_driver.c:988:5:dmp_enable_feature	40	static
inv_mpu_dmp_motion_driver.c:1220:5:dmp_set_interrupt_mode	40	static
inv_mpu_dmp_motion_driver.c:1259:5:dmp_read_fifo	64	static
inv_mpu_dmp_motion_driver.c:1352:5:dmp_register_tap_cb	0	static
inv_mpu_dmp_motion_driver.c:1363:5:dmp_register_android_orient_cb	0	static
