IMU.c:235:6:writeByte	24	static
IMU.c:247:6:readByte	32	static
IMU.c:77:19:imu_init	8	static
IMU.c:261:6:readBytes	56	static
IMU.c:278:6:getMres	0	static
IMU.c:292:6:getGres	0	static
IMU.c:312:6:getAres	0	static
IMU.c:332:6:readAccelData	24	static
IMU.c:341:6:readGyroData	24	static
IMU.c:350:6:readMagData	24	static
IMU.c:367:9:readTempData	24	static
IMU.c:374:6:resetMPU9250	8	static
IMU.c:380:6:initAK8963	24	static
IMU.c:402:6:magcalMPU9250	40	static
IMU.c:431:6:initMPU9250	8	static
IMU.c:482:6:calibrateMPU9250	72	static
IMU.c:633:6:MPU9250SelfTest	136	static
IMU.c:105:19:imu_calibrate	8	static
IMU.c:742:6:MadgwickQuaternionUpdate	136	static
IMU.c:871:42:MahonyQuaternionUpdate	112	static
IMU.c:142:6:calc_RollPitchYaw	32	static
