IMU.c:243:7:get_roll	0	static
IMU.c:248:7:get_pitch	0	static
IMU.c:253:7:get_yaw	0	static
IMU.c:260:6:timer_reset	0	static
IMU.c:274:6:writeByte	16	static
IMU.c:294:6:readByte	16	static
IMU.c:78:19:imu_init	8	static
IMU.c:323:6:readBytes	24	static
IMU.c:353:6:getMres	0	static
IMU.c:367:6:getGres	0	static
IMU.c:387:6:getAres	0	static
IMU.c:407:6:readAccelData	24	static
IMU.c:416:6:readGyroData	24	static
IMU.c:425:6:readMagData	24	static
IMU.c:442:9:readTempData	24	static
IMU.c:449:6:resetMPU9250	8	static
IMU.c:455:6:initAK8963	24	static
IMU.c:476:6:initMPU9250	8	static
IMU.c:527:6:calibrateMPU9250	72	static
IMU.c:681:6:magcalMPU9250	48	static
IMU.c:730:6:MPU9250SelfTest	136	static
IMU.c:106:19:imu_calibrate	16	static
IMU.c:839:6:MadgwickQuaternionUpdate	136	static
IMU.c:968:41:MahonyQuaternionUpdate	112	static
IMU.c:165:6:calc_RollPitchYaw	56	static
IMU.c:1065:6:HAL_I2C_MasterTxCpltCallback	0	static
IMU.c:1071:6:HAL_I2C_MasterRxCpltCallback	0	static
