MPU9250_DMP.c:53:7:imu_get_roll	0	static
MPU9250_DMP.c:56:7:imu_get_pitch	0	static
MPU9250_DMP.c:59:7:imu_get_yaw	0	static
MPU9250_DMP.c:64:6:MPU9250_DMP	0	static
MPU9250_DMP.c:91:13:imu_enableInterrupt	8	static
MPU9250_DMP.c:96:13:imu_setIntLevel	8	static
MPU9250_DMP.c:101:13:imu_setIntLatched	8	static
MPU9250_DMP.c:106:7:imu_getIntStatus	16	static
MPU9250_DMP.c:120:13:imu_lowPowerAccel	8	static
MPU9250_DMP.c:147:16:imu_getGyroFSR	16	static
MPU9250_DMP.c:157:15:imu_getAccelFSR	16	static
MPU9250_DMP.c:167:16:imu_getMagFSR	16	static
MPU9250_DMP.c:177:13:imu_setLPF	8	static
MPU9250_DMP.c:182:16:imu_getLPF	16	static
MPU9250_DMP.c:192:13:imu_setSampleRate	8	static
MPU9250_DMP.c:197:16:imu_getSampleRate	16	static
MPU9250_DMP.c:207:13:imu_setCompassSampleRate	8	static
MPU9250_DMP.c:212:16:imu_getCompassSampleRate	16	static
MPU9250_DMP.c:223:7:imu_getGyroSens	16	static
MPU9250_DMP.c:125:13:imu_setGyroFSR	8	static
MPU9250_DMP.c:233:16:imu_getAccelSens	16	static
MPU9250_DMP.c:136:13:imu_setAccelFSR	8	static
MPU9250_DMP.c:243:7:getMagSens	0	static
MPU9250_DMP.c:248:15:imu_getFifoConfig	16	static
MPU9250_DMP.c:258:13:imu_configureFifo	8	static
MPU9250_DMP.c:263:13:imu_resetFifo	8	static
MPU9250_DMP.c:268:16:imu_fifoAvailable	16	static
MPU9250_DMP.c:280:13:imu_updateFifo	40	static
MPU9250_DMP.c:307:13:imu_setSensors	8	static
MPU9250_DMP.c:71:13:imu_begin	8	static
MPU9250_DMP.c:312:6:imu_dataReady	16	static
MPU9250_DMP.c:342:5:imu_updateAccel	16	static
MPU9250_DMP.c:356:5:imu_updateGyro	16	static
MPU9250_DMP.c:370:5:imu_updateCompass	16	static
MPU9250_DMP.c:384:13:imu_updateTemperature	8	static
MPU9250_DMP.c:323:13:imu_update	24	static
MPU9250_DMP.c:389:5:imu_selfTest	16	static
MPU9250_DMP.c:431:13:imu_dmpLoad	8	static
MPU9250_DMP.c:436:16:imu_dmpGetFifoRate	16	static
MPU9250_DMP.c:445:13:imu_dmpSetFifoRate	8	static
MPU9250_DMP.c:451:13:imu_dmpUpdateFifo	56	static
MPU9250_DMP.c:491:13:imu_dmpEnableFeatures	8	static
MPU9250_DMP.c:501:16:imu_dmpGetEnabledFeatures	16	static
MPU9250_DMP.c:549:15:imu_getTapDir	0	static
MPU9250_DMP.c:555:15:imu_getTapCount	0	static
MPU9250_DMP.c:561:6:imu_tapAvailable	0	static
MPU9250_DMP.c:566:13:imu_dmpSetOrientation	16	static
MPU9250_DMP.c:578:15:imu_dmpGetOrientation	0	static
MPU9250_DMP.c:583:13:imu_dmpEnable3Quat	8	static
MPU9250_DMP.c:598:15:imu_dmpGetPedometerSteps	16	static
MPU9250_DMP.c:608:13:imu_dmpSetPedometerSteps	8	static
MPU9250_DMP.c:613:15:imu_dmpGetPedometerTime	16	static
MPU9250_DMP.c:623:13:imu_dmpSetPedometerTime	8	static
MPU9250_DMP.c:628:7:imu_calcAccel	0	static
MPU9250_DMP.c:633:7:imu_calcGyro	0	static
MPU9250_DMP.c:638:7:imu_calcMag	0	static
MPU9250_DMP.c:643:7:imu_calcQuat	8	static
MPU9250_DMP.c:648:7:imu_qToFloat	4	static
MPU9250_DMP.c:658:6:imu_computeEulerAngles	48	static
MPU9250_DMP.c:693:7:imu_computeCompassHeading	16	static
MPU9250_DMP.c:709:16:imu_orientation_row_2_scale	0	static
MPU9250_DMP.c:743:7:constrain	0	static
MPU9250_DMP.c:400:13:imu_dmpBegin	16	static
MPU9250_DMP.c:509:13:imu_dmpSetTap	32	static
