MPU9250_DMP.c:21:7:imu_get_roll	0	static
MPU9250_DMP.c:24:7:imu_get_pitch	0	static
MPU9250_DMP.c:27:7:imu_get_yaw	0	static
MPU9250_DMP.c:32:6:MPU9250_DMP	0	static
MPU9250_DMP.c:59:13:imu_enableInterrupt	8	static
MPU9250_DMP.c:64:13:imu_setIntLevel	8	static
MPU9250_DMP.c:69:13:imu_setIntLatched	8	static
MPU9250_DMP.c:74:7:imu_getIntStatus	16	static
MPU9250_DMP.c:88:13:imu_lowPowerAccel	8	static
MPU9250_DMP.c:115:16:imu_getGyroFSR	16	static
MPU9250_DMP.c:125:15:imu_getAccelFSR	16	static
MPU9250_DMP.c:135:16:imu_getMagFSR	16	static
MPU9250_DMP.c:145:13:imu_setLPF	8	static
MPU9250_DMP.c:150:16:imu_getLPF	16	static
MPU9250_DMP.c:160:13:imu_setSampleRate	8	static
MPU9250_DMP.c:165:16:imu_getSampleRate	16	static
MPU9250_DMP.c:175:13:imu_setCompassSampleRate	8	static
MPU9250_DMP.c:180:16:imu_getCompassSampleRate	16	static
MPU9250_DMP.c:191:7:imu_getGyroSens	16	static
MPU9250_DMP.c:93:13:imu_setGyroFSR	8	static
MPU9250_DMP.c:201:16:imu_getAccelSens	16	static
MPU9250_DMP.c:104:13:imu_setAccelFSR	8	static
MPU9250_DMP.c:211:7:getMagSens	0	static
MPU9250_DMP.c:216:15:imu_getFifoConfig	16	static
MPU9250_DMP.c:226:13:imu_configureFifo	8	static
MPU9250_DMP.c:231:13:imu_resetFifo	8	static
MPU9250_DMP.c:236:16:imu_fifoAvailable	16	static
MPU9250_DMP.c:248:13:imu_updateFifo	40	static
MPU9250_DMP.c:275:13:imu_setSensors	8	static
MPU9250_DMP.c:39:13:imu_begin	8	static
MPU9250_DMP.c:280:6:imu_dataReady	16	static
MPU9250_DMP.c:310:5:imu_updateAccel	16	static
MPU9250_DMP.c:324:5:imu_updateGyro	16	static
MPU9250_DMP.c:338:5:imu_updateCompass	16	static
MPU9250_DMP.c:352:13:imu_updateTemperature	8	static
MPU9250_DMP.c:291:13:imu_update	24	static
MPU9250_DMP.c:357:5:imu_selfTest	32	static
MPU9250_DMP.c:396:13:imu_dmpLoad	8	static
MPU9250_DMP.c:401:16:imu_dmpGetFifoRate	16	static
MPU9250_DMP.c:410:13:imu_dmpSetFifoRate	8	static
MPU9250_DMP.c:416:13:imu_dmpUpdateFifo	56	static
MPU9250_DMP.c:456:13:imu_dmpEnableFeatures	8	static
MPU9250_DMP.c:466:16:imu_dmpGetEnabledFeatures	16	static
MPU9250_DMP.c:514:15:imu_getTapDir	0	static
MPU9250_DMP.c:520:15:imu_getTapCount	0	static
MPU9250_DMP.c:526:6:imu_tapAvailable	0	static
MPU9250_DMP.c:531:13:imu_dmpSetOrientation	16	static
MPU9250_DMP.c:543:15:imu_dmpGetOrientation	0	static
MPU9250_DMP.c:548:13:imu_dmpEnable3Quat	8	static
MPU9250_DMP.c:563:15:imu_dmpGetPedometerSteps	16	static
MPU9250_DMP.c:573:13:imu_dmpSetPedometerSteps	8	static
MPU9250_DMP.c:578:15:imu_dmpGetPedometerTime	16	static
MPU9250_DMP.c:588:13:imu_dmpSetPedometerTime	8	static
MPU9250_DMP.c:593:7:imu_calcAccel	0	static
MPU9250_DMP.c:598:7:imu_calcGyro	0	static
MPU9250_DMP.c:603:7:imu_calcMag	0	static
MPU9250_DMP.c:608:7:imu_calcQuat	8	static
MPU9250_DMP.c:613:7:imu_qToFloat	4	static
MPU9250_DMP.c:623:6:imu_computeEulerAngles	48	static
MPU9250_DMP.c:658:7:imu_computeCompassHeading	16	static
MPU9250_DMP.c:674:16:imu_orientation_row_2_scale	0	static
MPU9250_DMP.c:708:7:constrain	0	static
MPU9250_DMP.c:365:13:imu_dmpBegin	16	static
MPU9250_DMP.c:474:13:imu_dmpSetTap	32	static
