MPU9250_DMP.c:52:7:imu_get_roll	0	static
MPU9250_DMP.c:55:7:imu_get_pitch	0	static
MPU9250_DMP.c:58:7:imu_get_yaw	0	static
MPU9250_DMP.c:63:6:MPU9250_DMP	0	static
MPU9250_DMP.c:90:13:imu_enableInterrupt	8	static
MPU9250_DMP.c:95:13:imu_setIntLevel	8	static
MPU9250_DMP.c:100:13:imu_setIntLatched	8	static
MPU9250_DMP.c:105:7:imu_getIntStatus	16	static
MPU9250_DMP.c:119:13:imu_lowPowerAccel	8	static
MPU9250_DMP.c:146:16:imu_getGyroFSR	16	static
MPU9250_DMP.c:156:15:imu_getAccelFSR	16	static
MPU9250_DMP.c:166:16:imu_getMagFSR	16	static
MPU9250_DMP.c:176:13:imu_setLPF	8	static
MPU9250_DMP.c:181:16:imu_getLPF	16	static
MPU9250_DMP.c:191:13:imu_setSampleRate	8	static
MPU9250_DMP.c:196:16:imu_getSampleRate	16	static
MPU9250_DMP.c:206:13:imu_setCompassSampleRate	8	static
MPU9250_DMP.c:211:16:imu_getCompassSampleRate	16	static
MPU9250_DMP.c:222:7:imu_getGyroSens	16	static
MPU9250_DMP.c:124:13:imu_setGyroFSR	8	static
MPU9250_DMP.c:232:16:imu_getAccelSens	16	static
MPU9250_DMP.c:135:13:imu_setAccelFSR	8	static
MPU9250_DMP.c:242:7:getMagSens	0	static
MPU9250_DMP.c:247:15:imu_getFifoConfig	16	static
MPU9250_DMP.c:257:13:imu_configureFifo	8	static
MPU9250_DMP.c:262:13:imu_resetFifo	8	static
MPU9250_DMP.c:267:16:imu_fifoAvailable	16	static
MPU9250_DMP.c:279:13:imu_updateFifo	40	static
MPU9250_DMP.c:306:13:imu_setSensors	8	static
MPU9250_DMP.c:70:13:imu_begin	8	static
MPU9250_DMP.c:311:6:imu_dataReady	16	static
MPU9250_DMP.c:341:5:imu_updateAccel	16	static
MPU9250_DMP.c:355:5:imu_updateGyro	16	static
MPU9250_DMP.c:369:5:imu_updateCompass	16	static
MPU9250_DMP.c:383:13:imu_updateTemperature	8	static
MPU9250_DMP.c:322:13:imu_update	24	static
MPU9250_DMP.c:388:5:imu_selfTest	32	static
MPU9250_DMP.c:425:13:imu_dmpLoad	8	static
MPU9250_DMP.c:430:16:imu_dmpGetFifoRate	16	static
MPU9250_DMP.c:439:13:imu_dmpSetFifoRate	8	static
MPU9250_DMP.c:445:13:imu_dmpUpdateFifo	56	static
MPU9250_DMP.c:485:13:imu_dmpEnableFeatures	8	static
MPU9250_DMP.c:495:16:imu_dmpGetEnabledFeatures	16	static
MPU9250_DMP.c:543:15:imu_getTapDir	0	static
MPU9250_DMP.c:549:15:imu_getTapCount	0	static
MPU9250_DMP.c:555:6:imu_tapAvailable	0	static
MPU9250_DMP.c:560:13:imu_dmpSetOrientation	16	static
MPU9250_DMP.c:572:15:imu_dmpGetOrientation	0	static
MPU9250_DMP.c:577:13:imu_dmpEnable3Quat	8	static
MPU9250_DMP.c:592:15:imu_dmpGetPedometerSteps	16	static
MPU9250_DMP.c:602:13:imu_dmpSetPedometerSteps	8	static
MPU9250_DMP.c:607:15:imu_dmpGetPedometerTime	16	static
MPU9250_DMP.c:617:13:imu_dmpSetPedometerTime	8	static
MPU9250_DMP.c:622:7:imu_calcAccel	0	static
MPU9250_DMP.c:627:7:imu_calcGyro	0	static
MPU9250_DMP.c:632:7:imu_calcMag	0	static
MPU9250_DMP.c:637:7:imu_calcQuat	8	static
MPU9250_DMP.c:642:7:imu_qToFloat	4	static
MPU9250_DMP.c:652:6:imu_computeEulerAngles	48	static
MPU9250_DMP.c:685:7:imu_computeCompassHeading	16	static
MPU9250_DMP.c:701:16:imu_orientation_row_2_scale	0	static
MPU9250_DMP.c:735:7:constrain	0	static
MPU9250_DMP.c:394:13:imu_dmpBegin	16	static
MPU9250_DMP.c:503:13:imu_dmpSetTap	32	static
