MPU9250.c:102:7:getMres	0	static
MPU9250.c:117:7:getGres	0	static
MPU9250.c:140:7:getAres	0	static
MPU9250.c:761:6:writeByte	24	static
MPU9250.c:237:6:resetMPU9250	8	static
MPU9250.c:772:9:readByte	32	static
MPU9250.c:84:9:getMPU9250ID	8	static
MPU9250.c:89:9:getAK8963CID	8	static
MPU9250.c:200:6:gyromagSleep	16	static
MPU9250.c:164:6:accelWakeOnMotion	8	static
MPU9250.c:219:6:gyromagWake	16	static
MPU9250.c:271:6:checkNewMagData	8	static
MPU9250.c:282:6:checkNewAccelGyroData	8	static
MPU9250.c:288:6:checkWakeOnMotion	8	static
MPU9250.c:363:6:initMPU9250	24	static
MPU9250.c:784:6:readBytes	40	static
MPU9250.c:243:6:readMPU9250Data	24	static
MPU9250.c:255:6:readAccelData	16	static
MPU9250.c:263:6:readGyroData	16	static
MPU9250.c:294:6:readMagData	24	static
MPU9250.c:310:9:readGyroTempData	16	static
MPU9250.c:316:6:initAK8963Slave	32	static
MPU9250.c:427:6:magcalMPU9250	88	static
MPU9250.c:515:6:calibrateMPU9250	80	static
MPU9250.c:666:6:SelfTest	128	static
MPU9250.c:801:38:MadgwickQuaternionUpdate1	120	static
MPU9250.c:931:6:imu_init	32	static
MPU9250.c:1028:6:calculate_euler	24	static
