MY_NRF24.c:57:6:NRF24_DelayMicroSeconds	8	static
MY_NRF24.c:67:6:NRF24_csn	8	static
MY_NRF24.c:73:6:NRF24_ce	8	static
MY_NRF24.c:79:9:NRF24_read_register	16	static
MY_NRF24.c:102:6:NRF24_read_registerN	24	static
MY_NRF24.c:123:6:NRF24_write_register	24	static
MY_NRF24.c:139:6:NRF24_write_registerN	24	static
MY_NRF24.c:158:6:NRF24_write_payload	24	static
MY_NRF24.c:197:6:NRF24_flush_tx	8	static
MY_NRF24.c:202:6:NRF24_flush_rx	8	static
MY_NRF24.c:207:9:NRF24_get_status	8	static
MY_NRF24.c:293:6:NRF24_startListening	8	static
MY_NRF24.c:310:6:NRF24_stopListening	8	static
MY_NRF24.c:367:6:NRF24_openWritingPipe	16	static
MY_NRF24.c:376:6:NRF24_openReadingPipe	16	static
MY_NRF24.c:400:6:NRF24_setRetries	8	static
MY_NRF24.c:406:6:NRF24_setChannel	8	static
MY_NRF24.c:412:6:NRF24_setPayloadSize	0	static
MY_NRF24.c:418:9:NRF24_getPayloadSize	0	static
MY_NRF24.c:177:6:NRF24_read_payload	24	static
MY_NRF24.c:423:9:NRF24_getDynamicPayloadSize	8	static
MY_NRF24.c:358:6:NRF24_read	8	static
MY_NRF24.c:455:6:NRF24_disableDynamicPayloads	8	static
MY_NRF24.c:463:6:NRF24_isNRF_Plus	0	static
MY_NRF24.c:468:6:NRF24_setAutoAck	8	static
MY_NRF24.c:476:6:NRF24_setAutoAckPipe	16	static
MY_NRF24.c:493:6:NRF24_setPALevel	8	static
MY_NRF24.c:524:15:NRF24_getPALevel	8	static
MY_NRF24.c:550:6:NRF24_setDataRate	16	static
MY_NRF24.c:595:17:NRF24_getDataRate	8	static
MY_NRF24.c:620:6:NRF24_setCRCLength	8	static
MY_NRF24.c:641:18:NRF24_getCRCLength	8	static
MY_NRF24.c:657:6:NRF24_disableCRC	8	static
MY_NRF24.c:663:6:NRF24_powerUp	8	static
MY_NRF24.c:668:6:NRF24_powerDown	8	static
MY_NRF24.c:673:6:NRF24_availablePipe	16	static
MY_NRF24.c:353:6:NRF24_available	8	static
MY_NRF24.c:697:6:NRF24_startWrite	16	static
MY_NRF24.c:712:6:NRF24_writeAckPayload	16	static
MY_NRF24.c:723:6:NRF24_isAckPayloadAvailable	0	static
MY_NRF24.c:730:6:NRF24_whatHappened	24	static
MY_NRF24.c:741:6:NRF24_testCarrier	8	static
MY_NRF24.c:746:6:NRF24_testRPD	8	static
MY_NRF24.c:752:6:NRF24_resetStatus	8	static
MY_NRF24.c:317:6:NRF24_write	24	static
MY_NRF24.c:758:6:NRF24_ACTIVATE_cmd	16	static
MY_NRF24.c:428:6:NRF24_enableAckPayload	8	static
MY_NRF24.c:215:6:NRF24_begin	24	static
MY_NRF24.c:441:6:NRF24_enableDynamicPayloads	8	static
MY_NRF24.c:773:9:NRF24_GetAckPayloadSize	0	static
MY_NRF24.c:778:6:printRadioSettings	144	static
MY_NRF24.c:905:6:printStatusReg	144	static
MY_NRF24.c:921:6:printConfigReg	128	static
MY_NRF24.c:939:6:nrf24_DebugUART_Init	8	static
MY_NRF24.c:944:6:printFIFOstatus	136	static
