MY_NRF24.c:51:6:NRF24_DelayMicroSeconds	8	static
MY_NRF24.c:60:6:NRF24_csn	8	static
MY_NRF24.c:66:6:NRF24_ce	8	static
MY_NRF24.c:72:9:NRF24_read_register	16	static
MY_NRF24.c:89:6:NRF24_read_registerN	24	static
MY_NRF24.c:104:6:NRF24_write_register	24	static
MY_NRF24.c:117:6:NRF24_write_registerN	24	static
MY_NRF24.c:130:6:NRF24_write_payload	24	static
MY_NRF24.c:157:6:NRF24_flush_tx	8	static
MY_NRF24.c:162:6:NRF24_flush_rx	8	static
MY_NRF24.c:167:9:NRF24_get_status	8	static
MY_NRF24.c:248:6:NRF24_startListening	8	static
MY_NRF24.c:265:6:NRF24_stopListening	8	static
MY_NRF24.c:322:6:NRF24_openWritingPipe	16	static
MY_NRF24.c:331:6:NRF24_openReadingPipe	16	static
MY_NRF24.c:355:6:NRF24_setRetries	8	static
MY_NRF24.c:361:6:NRF24_setChannel	8	static
MY_NRF24.c:367:6:NRF24_setPayloadSize	0	static
MY_NRF24.c:373:9:NRF24_getPayloadSize	0	static
MY_NRF24.c:143:6:NRF24_read_payload	24	static
MY_NRF24.c:378:9:NRF24_getDynamicPayloadSize	8	static
MY_NRF24.c:313:6:NRF24_read	8	static
MY_NRF24.c:410:6:NRF24_disableDynamicPayloads	8	static
MY_NRF24.c:418:6:NRF24_isNRF_Plus	0	static
MY_NRF24.c:423:6:NRF24_setAutoAck	8	static
MY_NRF24.c:431:6:NRF24_setAutoAckPipe	16	static
MY_NRF24.c:448:6:NRF24_setPALevel	8	static
MY_NRF24.c:479:15:NRF24_getPALevel	8	static
MY_NRF24.c:505:6:NRF24_setDataRate	16	static
MY_NRF24.c:550:17:NRF24_getDataRate	8	static
MY_NRF24.c:575:6:NRF24_setCRCLength	8	static
MY_NRF24.c:596:18:NRF24_getCRCLength	8	static
MY_NRF24.c:612:6:NRF24_disableCRC	8	static
MY_NRF24.c:618:6:NRF24_powerUp	8	static
MY_NRF24.c:623:6:NRF24_powerDown	8	static
MY_NRF24.c:628:6:NRF24_availablePipe	16	static
MY_NRF24.c:308:6:NRF24_available	8	static
MY_NRF24.c:652:6:NRF24_startWrite	16	static
MY_NRF24.c:667:6:NRF24_writeAckPayload	16	static
MY_NRF24.c:678:6:NRF24_isAckPayloadAvailable	0	static
MY_NRF24.c:685:6:NRF24_whatHappened	24	static
MY_NRF24.c:696:6:NRF24_testCarrier	8	static
MY_NRF24.c:701:6:NRF24_testRPD	8	static
MY_NRF24.c:707:6:NRF24_resetStatus	8	static
MY_NRF24.c:272:6:NRF24_write	24	static
MY_NRF24.c:713:6:NRF24_ACTIVATE_cmd	16	static
MY_NRF24.c:383:6:NRF24_enableAckPayload	8	static
MY_NRF24.c:396:6:NRF24_enableDynamicPayloads	8	static
MY_NRF24.c:724:9:NRF24_GetAckPayloadSize	0	static
MY_NRF24.c:729:6:printRadioSettings	144	static
MY_NRF24.c:175:6:NRF24_begin	24	static
MY_NRF24.c:856:6:printStatusReg	144	static
MY_NRF24.c:872:6:printConfigReg	128	static
MY_NRF24.c:890:6:nrf24_DebugUART_Init	8	static
MY_NRF24.c:895:6:printFIFOstatus	136	static
