SparkFunMPU9250-DMP.c:693:13:tap_cb	0	static
SparkFunMPU9250-DMP.c:700:13:orient_cb	0	static
SparkFunMPU9250-DMP.c:33:1:MPU9250_DMP	0	static
SparkFunMPU9250-DMP.c:61:13:enableInterrupt	8	static
SparkFunMPU9250-DMP.c:66:13:setIntLevel	8	static
SparkFunMPU9250-DMP.c:71:13:setIntLatched	8	static
SparkFunMPU9250-DMP.c:76:7:getIntStatus	16	static
SparkFunMPU9250-DMP.c:90:13:lowPowerAccel	8	static
SparkFunMPU9250-DMP.c:117:16:getGyroFSR	16	static
SparkFunMPU9250-DMP.c:127:15:getAccelFSR	16	static
SparkFunMPU9250-DMP.c:137:16:getMagFSR	16	static
SparkFunMPU9250-DMP.c:147:13:setLPF	8	static
SparkFunMPU9250-DMP.c:152:16:getLPF	16	static
SparkFunMPU9250-DMP.c:162:13:setSampleRate	8	static
SparkFunMPU9250-DMP.c:167:16:getSampleRate	16	static
SparkFunMPU9250-DMP.c:177:13:setCompassSampleRate	8	static
SparkFunMPU9250-DMP.c:182:16:getCompassSampleRate	16	static
SparkFunMPU9250-DMP.c:193:7:getGyroSens	16	static
SparkFunMPU9250-DMP.c:95:13:setGyroFSR	8	static
SparkFunMPU9250-DMP.c:203:16:getAccelSens	16	static
SparkFunMPU9250-DMP.c:106:13:setAccelFSR	8	static
SparkFunMPU9250-DMP.c:213:7:getMagSens	0	static
SparkFunMPU9250-DMP.c:218:15:getFifoConfig	16	static
SparkFunMPU9250-DMP.c:228:13:configureFifo	8	static
SparkFunMPU9250-DMP.c:233:13:resetFifo	8	static
SparkFunMPU9250-DMP.c:238:16:fifoAvailable	16	static
SparkFunMPU9250-DMP.c:250:13:updateFifo	40	static
SparkFunMPU9250-DMP.c:277:13:setSensors	8	static
SparkFunMPU9250-DMP.c:40:13:begin	8	static
SparkFunMPU9250-DMP.c:282:6:dataReady	16	static
SparkFunMPU9250-DMP.c:312:5:updateAccel	16	static
SparkFunMPU9250-DMP.c:326:5:updateGyro	16	static
SparkFunMPU9250-DMP.c:340:5:updateCompass	16	static
SparkFunMPU9250-DMP.c:354:13:updateTemperature	8	static
SparkFunMPU9250-DMP.c:293:13:update	24	static
SparkFunMPU9250-DMP.c:359:5:selfTest	32	static
SparkFunMPU9250-DMP.c:396:13:dmpLoad	8	static
SparkFunMPU9250-DMP.c:401:16:dmpGetFifoRate	16	static
SparkFunMPU9250-DMP.c:410:13:dmpSetFifoRate	8	static
SparkFunMPU9250-DMP.c:416:13:dmpUpdateFifo	56	static
SparkFunMPU9250-DMP.c:456:13:dmpEnableFeatures	8	static
SparkFunMPU9250-DMP.c:365:13:dmpBegin	16	static
SparkFunMPU9250-DMP.c:466:16:dmpGetEnabledFeatures	16	static
SparkFunMPU9250-DMP.c:474:13:dmpSetTap	24	static
SparkFunMPU9250-DMP.c:514:15:getTapDir	0	static
SparkFunMPU9250-DMP.c:520:15:getTapCount	0	static
SparkFunMPU9250-DMP.c:526:6:tapAvailable	0	static
SparkFunMPU9250-DMP.c:543:15:dmpGetOrientation	0	static
SparkFunMPU9250-DMP.c:548:13:dmpEnable3Quat	8	static
SparkFunMPU9250-DMP.c:563:15:dmpGetPedometerSteps	16	static
SparkFunMPU9250-DMP.c:573:13:dmpSetPedometerSteps	8	static
SparkFunMPU9250-DMP.c:578:15:dmpGetPedometerTime	16	static
SparkFunMPU9250-DMP.c:588:13:dmpSetPedometerTime	8	static
SparkFunMPU9250-DMP.c:593:7:calcAccel	0	static
SparkFunMPU9250-DMP.c:598:7:calcGyro	0	static
SparkFunMPU9250-DMP.c:603:7:calcMag	0	static
SparkFunMPU9250-DMP.c:613:7:qToFloat	4	static
SparkFunMPU9250-DMP.c:608:7:calcQuat	8	static
SparkFunMPU9250-DMP.c:623:6:computeEulerAngles	48	static
SparkFunMPU9250-DMP.c:656:7:computeCompassHeading	16	static
SparkFunMPU9250-DMP.c:672:16:orientation_row_2_scale	0	static
SparkFunMPU9250-DMP.c:531:13:dmpSetOrientation	16	static
