main.c:727:13:MX_GPIO_Init	64	static
main.c:661:13:MX_USART2_UART_Init	8	static
main.c:694:13:MX_USART6_UART_Init	8	static
main.c:497:13:MX_I2C2_Init	8	static
main.c:569:13:MX_TIM4_Init	56	static
main.c:447:13:MX_ADC1_Init	32	static
main.c:531:13:MX_SPI2_Init	8	static
main.c:630:13:MX_TIM11_Init	8	static
main.c:403:6:SystemClock_Config	96	static
main.c:815:6:PWM1_Set	0	static
main.c:819:6:PWM2_Set	0	static
main.c:824:6:PWM3_Set	0	static
main.c:828:6:PWM4_Set	0	static
main.c:789:6:ARM_ESCs	8	static
main.c:222:5:main	96	static
main.c:1035:7:map	4	static
main.c:1044:5:__io_putchar	16	static
main.c:1052:5:_write	16	static
main.c:1060:6:printToPC	0	static
main.c:1125:6:packAckPayData_0	16	static
main.c:1152:6:packAckPayData_1	0	static
main.c:1226:6:breakpoint	0	static
main.c:1233:6:kill	8	static
main.c:1096:6:unpackRxData	8	static
main.c:1245:6:lostConnection	8	static
main.c:850:6:pulse_posedge_handler	24	static
main.c:1080:6:HAL_GPIO_EXTI_Callback	8	static
main.c:1267:6:resetNRF24	96	static
main.c:1281:6:HAL_ADC_ConvCpltCallback	8	static
main.c:1308:6:Error_Handler	0	static
