main.c:668:13:MX_GPIO_Init	64	static
main.c:602:13:MX_USART2_UART_Init	8	static
main.c:635:13:MX_USART6_UART_Init	8	static
main.c:438:13:MX_I2C2_Init	8	static
main.c:510:13:MX_TIM4_Init	56	static
main.c:388:13:MX_ADC1_Init	32	static
main.c:472:13:MX_SPI2_Init	8	static
main.c:571:13:MX_TIM11_Init	8	static
main.c:344:6:SystemClock_Config	96	static
main.c:756:6:PWM1_Set	0	static
main.c:760:6:PWM2_Set	0	static
main.c:765:6:PWM3_Set	0	static
main.c:769:6:PWM4_Set	0	static
main.c:730:6:ARM_ESCs	8	static
main.c:220:5:main	104	static
main.c:955:7:map	4	static
main.c:964:5:__io_putchar	16	static
main.c:972:5:_write	16	static
main.c:980:6:printToPC	32	static
main.c:1045:6:packAckPayData_0	16	static
main.c:1072:6:packAckPayData_1	0	static
main.c:1146:6:breakpoint	0	static
main.c:1153:6:kill	8	static
main.c:1016:6:unpackRxData	8	static
main.c:1165:6:lostConnection	8	static
main.c:791:6:pulse_posedge_handler	24	static
main.c:1000:6:HAL_GPIO_EXTI_Callback	8	static
main.c:1187:6:resetNRF24	96	static
main.c:1201:6:HAL_ADC_ConvCpltCallback	8	static
main.c:1228:6:Error_Handler	0	static
