main.c:761:13:MX_GPIO_Init	64	static
main.c:695:13:MX_USART2_UART_Init	8	static
main.c:728:13:MX_USART6_UART_Init	8	static
main.c:531:13:MX_I2C2_Init	8	static
main.c:603:13:MX_TIM4_Init	56	static
main.c:481:13:MX_ADC1_Init	32	static
main.c:565:13:MX_SPI2_Init	8	static
main.c:664:13:MX_TIM11_Init	8	static
main.c:437:6:SystemClock_Config	96	static
main.c:849:6:PWM1_Set	0	static
main.c:853:6:PWM2_Set	0	static
main.c:858:6:PWM3_Set	0	static
main.c:862:6:PWM4_Set	0	static
main.c:823:6:ARM_ESCs	8	static
main.c:237:5:main	8	static
main.c:884:6:pulse_posedge_handler	16	static
main.c:1090:7:map	4	static
main.c:1099:5:__io_putchar	16	static
main.c:1107:5:_write	16	static
main.c:1115:6:printToPC	0	static
main.c:1135:6:HAL_GPIO_EXTI_Callback	8	static
main.c:1180:6:packAckPayData_0	16	static
main.c:1207:6:packAckPayData_1	0	static
main.c:1281:6:breakpoint	0	static
main.c:1288:6:kill	8	static
main.c:1151:6:unpackRxData	8	static
main.c:1300:6:lostConnection	8	static
main.c:1322:6:resetNRF24	96	static
main.c:1336:6:HAL_ADC_ConvCpltCallback	8	static
main.c:1363:6:Error_Handler	0	static
