GPS.h:61:6:GPS_init	8	static
GPS.h:136:6:parse_sentence	128	static
GPS.h:94:6:GPS_parse	16	static
GPS.h:72:6:UART_timeout	8	static
GPS.h:296:6:getGPSData	16	static
main.c:349:6:SystemClock_Config	96	static
main.c:416:6:PWM1_Set	0	static
main.c:420:6:PWM2_Set	0	static
main.c:425:6:PWM3_Set	0	static
main.c:429:6:PWM4_Set	0	static
main.c:390:6:ARM_ESCs	8	static
main.c:229:5:main	96	static
main.c:649:6:printToPC	0	static
main.c:683:7:map	4	static
main.c:688:6:unpackRxData	0	static
main.c:717:6:packAckPayData_0	16	static
main.c:744:6:packAckPayData_1	8	static
main.c:453:6:pulse_posedge_handler	24	static
main.c:669:6:HAL_GPIO_EXTI_Callback	8	static
main.c:787:6:breakpoint	0	static
main.c:794:6:kill	8	static
main.c:806:6:lostConnection	8	static
main.c:828:6:resetNRF24	96	static
main.c:873:6:HAL_TIM_PeriodElapsedCallback	8	static
main.c:890:6:Error_Handler	0	static
