main.c:512:13:MX_GPIO_Init	64	static
main.c:479:13:MX_USART2_UART_Init	8	static
main.c:329:13:MX_I2C2_Init	8	static
main.c:363:13:MX_TIM3_Init	40	static
main.c:408:13:MX_TIM4_Init	72	static
main.c:285:6:SystemClock_Config	96	static
main.c:574:6:PWM1_Set	0	static
main.c:578:6:PWM2_Set	0	static
main.c:583:6:PWM3_Set	0	static
main.c:587:6:PWM4_Set	0	static
main.c:546:6:ARM_ESCs	8	static
main.c:149:5:main	8	static
main.c:592:6:pulse_complete_handler	8	static
main.c:660:6:map	4	static
main.c:670:5:__io_putchar	16	static
main.c:678:5:_write	16	static
main.c:686:6:print_data_to_pc	0	static
main.c:702:6:update_PID_values	0	static
main.c:717:6:Error_Handler	0	static
