bno055_top.h:208:4:BNO055_I2C_bus_write	32	static
bno055_top.h:248:4:BNO055_I2C_bus_read	32	static
bno055_top.h:268:6:BNO055_delay_msek	8	static
main.c:742:13:MX_GPIO_Init	64	static
main.c:676:13:MX_USART2_UART_Init	8	static
main.c:709:13:MX_USART6_UART_Init	8	static
main.c:512:13:MX_I2C2_Init	8	static
main.c:584:13:MX_TIM4_Init	56	static
main.c:436:13:MX_ADC1_Init	32	static
main.c:546:13:MX_SPI2_Init	8	static
main.c:486:13:MX_CRC_Init	8	static
main.c:645:13:MX_TIM11_Init	8	static
bno055_top.h:152:6:bno055_getRawAMG	8	static
bno055_top.h:180:6:bno055_getEurler	32	static
bno055_top.h:229:4:I2C_routine	0	static
bno055_top.h:109:6:bno055_top_init	16	static
main.c:392:6:SystemClock_Config	96	static
main.c:823:6:PWM1_Set	0	static
main.c:827:6:PWM2_Set	0	static
main.c:832:6:PWM3_Set	0	static
main.c:836:6:PWM4_Set	0	static
main.c:797:6:ARM_ESCs	8	static
main.c:231:5:main	136	static
main.c:1019:5:__io_putchar	16	static
main.c:1027:5:_write	16	static
main.c:1035:6:printToPC	0	static
main.c:1100:6:packAckPayData_0	16	static
main.c:1127:6:packAckPayData_1	0	static
main.c:1201:6:breakpoint	0	static
main.c:1208:6:kill	8	static
main.c:1071:6:unpackRxData	8	static
main.c:1220:6:lostConnection	8	static
main.c:1242:6:resetNRF24	96	static
main.c:1255:7:map	4	static
main.c:860:6:controlLoop	32	static
main.c:1291:6:StartControlLoop	8	static
main.c:1314:6:HAL_TIM_PeriodElapsedCallback	8	static
main.c:1331:6:Error_Handler	0	static
