main.c:610:13:MX_GPIO_Init	64	static
main.c:590:13:MX_DMA_Init	16	static
main.c:530:13:MX_USART2_UART_Init	8	static
main.c:561:13:MX_USART6_UART_Init	8	static
main.c:361:13:MX_I2C2_Init	8	static
main.c:429:13:MX_TIM3_Init	40	static
main.c:471:13:MX_TIM4_Init	56	static
main.c:314:13:MX_ADC1_Init	32	static
main.c:393:13:MX_SPI2_Init	8	static
main.c:272:6:SystemClock_Config	96	static
main.c:695:6:PWM1_Set	0	static
main.c:699:6:PWM2_Set	0	static
main.c:704:6:PWM3_Set	0	static
main.c:708:6:PWM4_Set	0	static
main.c:667:6:ARM_ESCs	8	static
main.c:713:6:pulse_posedge_handler	16	static
main.c:780:6:map	4	static
main.c:789:5:__io_putchar	16	static
main.c:797:5:_write	16	static
main.c:805:6:printToPC	0	static
main.c:826:6:HAL_GPIO_EXTI_Callback	8	static
main.c:835:6:unpackRxData	0	static
main.c:177:5:main	96	static
main.c:853:6:Error_Handler	0	static
