main.c:800:13:MX_GPIO_Init	56	static
main.c:780:13:MX_DMA_Init	16	static
main.c:720:13:MX_USART2_UART_Init	8	static
main.c:751:13:MX_USART6_UART_Init	8	static
main.c:503:13:MX_I2C2_Init	8	static
main.c:632:13:MX_TIM4_Init	56	static
main.c:366:13:MX_ADC1_Init	40	static
main.c:535:13:MX_SPI2_Init	8	static
main.c:691:13:MX_TIM11_Init	8	static
main.c:571:13:MX_TIM3_Init	88	static
main.c:324:6:SystemClock_Config	96	static
main.c:880:6:PWM1_Set	0	static
main.c:884:6:PWM2_Set	0	static
main.c:889:6:PWM3_Set	0	static
main.c:893:6:PWM4_Set	0	static
main.c:854:6:ARM_ESCs	8	static
main.c:200:5:main	104	static
main.c:1065:7:map	4	static
main.c:1074:5:__io_putchar	16	static
main.c:1082:5:_write	16	static
main.c:1090:6:printToPC	0	static
main.c:1133:6:unpackRxData	0	static
main.c:1154:6:packAckPayData_0	16	static
main.c:1179:6:packAckPayData_1	0	static
main.c:913:6:pulse_posedge_handler	24	static
main.c:1112:6:HAL_GPIO_EXTI_Callback	8	static
main.c:1249:6:breakpoint	0	static
main.c:1258:6:Error_Handler	0	static
