main.c:750:13:MX_GPIO_Init	64	static
main.c:684:13:MX_USART2_UART_Init	8	static
main.c:717:13:MX_USART6_UART_Init	8	static
main.c:520:13:MX_I2C2_Init	8	static
main.c:592:13:MX_TIM4_Init	56	static
main.c:470:13:MX_ADC1_Init	32	static
main.c:554:13:MX_SPI2_Init	8	static
main.c:653:13:MX_TIM11_Init	8	static
main.c:426:6:SystemClock_Config	96	static
main.c:838:6:PWM1_Set	0	static
main.c:842:6:PWM2_Set	0	static
main.c:847:6:PWM3_Set	0	static
main.c:851:6:PWM4_Set	0	static
main.c:812:6:ARM_ESCs	8	static
main.c:224:5:main	8	static
main.c:873:6:pulse_posedge_handler	24	static
main.c:1062:7:map	4	static
main.c:1071:5:__io_putchar	16	static
main.c:1079:5:_write	16	static
main.c:1087:6:printToPC	0	static
main.c:1107:6:HAL_GPIO_EXTI_Callback	8	static
main.c:1152:6:packAckPayData_0	16	static
main.c:1179:6:packAckPayData_1	0	static
main.c:1253:6:breakpoint	0	static
main.c:1260:6:kill	8	static
main.c:1123:6:unpackRxData	8	static
main.c:1272:6:lostConnection	8	static
main.c:1294:6:resetNRF24	96	static
main.c:1308:6:HAL_ADC_ConvCpltCallback	8	static
main.c:1335:6:Error_Handler	0	static
