main.c:694:13:MX_GPIO_Init	64	static
main.c:674:13:MX_DMA_Init	16	static
main.c:610:13:MX_USART2_UART_Init	8	static
main.c:643:13:MX_USART6_UART_Init	8	static
main.c:446:13:MX_I2C2_Init	8	static
main.c:518:13:MX_TIM4_Init	56	static
main.c:396:13:MX_ADC1_Init	32	static
main.c:480:13:MX_SPI2_Init	8	static
main.c:579:13:MX_TIM11_Init	8	static
main.c:352:6:SystemClock_Config	96	static
main.c:782:6:PWM1_Set	0	static
main.c:786:6:PWM2_Set	0	static
main.c:791:6:PWM3_Set	0	static
main.c:795:6:PWM4_Set	0	static
main.c:756:6:ARM_ESCs	8	static
main.c:225:5:main	8	static
main.c:819:6:pulse_posedge_handler	32	static
main.c:998:5:__io_putchar	16	static
main.c:1006:5:_write	16	static
main.c:1014:6:printToPC	0	static
main.c:1034:6:HAL_GPIO_EXTI_Callback	8	static
main.c:1079:6:packAckPayData_0	16	static
main.c:1106:6:packAckPayData_1	0	static
main.c:1180:6:breakpoint	0	static
main.c:1187:6:kill	8	static
main.c:1050:6:unpackRxData	8	static
main.c:1199:6:lostConnection	8	static
main.c:1221:6:resetNRF24	96	static
main.c:1235:6:HAL_ADC_ConvCpltCallback	8	static
main.c:1262:6:Error_Handler	0	static
