main.c:440:13:MX_GPIO_Init	64	static
main.c:409:13:MX_USART2_UART_Init	8	static
main.c:268:13:MX_I2C2_Init	8	static
main.c:300:13:MX_TIM3_Init	40	static
main.c:342:13:MX_TIM4_Init	72	static
main.c:226:6:SystemClock_Config	96	static
main.c:505:6:PWM1_Set	0	static
main.c:509:6:PWM2_Set	0	static
main.c:514:6:PWM3_Set	0	static
main.c:519:6:PWM4_Set	0	static
main.c:477:6:ARM_ESCs	8	static
main.c:118:5:main	24	static
main.c:525:6:HAL_TIM_PWM_PulseFinishedCallback	8	static
main.c:582:6:map	4	static
main.c:592:6:Error_Handler	0	static
