main.c:653:13:MX_GPIO_Init	64	static
main.c:591:13:MX_USART2_UART_Init	8	static
main.c:622:13:MX_USART6_UART_Init	8	static
main.c:435:13:MX_I2C2_Init	8	static
main.c:503:13:MX_TIM4_Init	56	static
main.c:388:13:MX_ADC1_Init	32	static
main.c:467:13:MX_SPI2_Init	8	static
main.c:562:13:MX_TIM11_Init	8	static
main.c:346:6:SystemClock_Config	96	static
main.c:743:6:PWM1_Set	0	static
main.c:747:6:PWM2_Set	0	static
main.c:752:6:PWM3_Set	0	static
main.c:756:6:PWM4_Set	0	static
main.c:717:6:ARM_ESCs	8	static
main.c:222:5:main	8	static
main.c:780:6:pulse_posedge_handler	32	static
main.c:959:5:__io_putchar	16	static
main.c:967:5:_write	16	static
main.c:975:6:printToPC	0	static
main.c:995:6:HAL_GPIO_EXTI_Callback	8	static
main.c:1040:6:packAckPayData_0	16	static
main.c:1067:6:packAckPayData_1	0	static
main.c:1141:6:breakpoint	0	static
main.c:1148:6:kill	8	static
main.c:1011:6:unpackRxData	8	static
main.c:1160:6:lostConnection	8	static
main.c:1182:6:resetNRF24	96	static
main.c:1196:6:HAL_ADC_ConvCpltCallback	8	static
main.c:1223:6:Error_Handler	0	static
