main.c:703:13:MX_GPIO_Init	64	static
main.c:670:13:MX_USART2_UART_Init	8	static
main.c:439:13:MX_I2C2_Init	8	static
main.c:578:13:MX_TIM4_Init	56	static
main.c:389:13:MX_ADC1_Init	32	static
main.c:473:13:MX_SPI2_Init	8	static
main.c:639:13:MX_TIM11_Init	8	static
main.c:511:13:MX_TIM3_Init	88	static
main.c:345:6:SystemClock_Config	96	static
main.c:798:6:PWM1_Set	0	static
main.c:802:6:PWM2_Set	0	static
main.c:807:6:PWM3_Set	0	static
main.c:811:6:PWM4_Set	0	static
main.c:772:6:ARM_ESCs	8	static
main.c:208:5:main	104	static
main.c:995:7:map	4	static
main.c:1004:5:__io_putchar	16	static
main.c:1012:5:_write	16	static
main.c:1020:6:printToPC	0	static
main.c:1087:6:packAckPayData_0	16	static
main.c:1114:6:packAckPayData_1	0	static
main.c:1184:6:breakpoint	0	static
main.c:1191:6:kill	8	static
main.c:1058:6:unpackRxData	8	static
main.c:833:6:pulse_posedge_handler	24	static
main.c:1042:6:HAL_GPIO_EXTI_Callback	8	static
main.c:1204:6:lostConnection	8	static
main.c:1226:6:resetNRF24	96	static
main.c:1245:6:Error_Handler	0	static
