GPS.h:61:6:GPS_init	8	static
GPS.h:136:6:parse_sentence	128	static
GPS.h:94:6:GPS_parse	16	static
GPS.h:72:6:UART_timeout	8	static
GPS.h:296:6:getGPSData	16	static
main.c:352:6:SystemClock_Config	96	static
main.c:419:6:PWM1_Set	0	static
main.c:423:6:PWM2_Set	0	static
main.c:428:6:PWM3_Set	0	static
main.c:432:6:PWM4_Set	0	static
main.c:393:6:ARM_ESCs	8	static
main.c:229:5:main	8	static
main.c:456:6:pulse_posedge_handler	16	static
main.c:652:6:printToPC	0	static
main.c:672:6:HAL_GPIO_EXTI_Callback	8	static
main.c:717:6:packAckPayData_0	16	static
main.c:744:6:packAckPayData_1	8	static
main.c:787:6:breakpoint	0	static
main.c:794:6:kill	8	static
main.c:688:6:unpackRxData	8	static
main.c:806:6:lostConnection	8	static
main.c:828:6:resetNRF24	96	static
main.c:873:6:HAL_TIM_PeriodElapsedCallback	8	static
main.c:890:6:Error_Handler	0	static
