GPS.h:57:6:GPS_init	8	static
GPS.h:130:6:parse_sentence	88	static
GPS.h:88:6:GPS_parse	16	static
GPS.h:67:6:UART_timeout	8	static
GPS.h:232:6:getGPSData	16	static
main.c:355:6:SystemClock_Config	96	static
main.c:422:6:PWM1_Set	0	static
main.c:426:6:PWM2_Set	0	static
main.c:431:6:PWM3_Set	0	static
main.c:435:6:PWM4_Set	0	static
main.c:396:6:ARM_ESCs	8	static
main.c:229:5:main	8	static
main.c:459:6:pulse_posedge_handler	16	static
main.c:655:6:printToPC	0	static
main.c:675:6:HAL_GPIO_EXTI_Callback	8	static
main.c:689:7:map	4	static
main.c:694:6:unpackRxData	0	static
main.c:723:6:packAckPayData_0	16	static
main.c:750:6:packAckPayData_1	8	static
main.c:792:6:breakpoint	0	static
main.c:799:6:kill	8	static
main.c:811:6:lostConnection	8	static
main.c:833:6:resetNRF24	96	static
main.c:878:6:HAL_TIM_PeriodElapsedCallback	8	static
main.c:895:6:Error_Handler	0	static
