main.c:629:13:MX_GPIO_Init	64	static
main.c:609:13:MX_DMA_Init	16	static
main.c:545:13:MX_USART2_UART_Init	8	static
main.c:578:13:MX_USART6_UART_Init	8	static
main.c:367:13:MX_I2C2_Init	8	static
main.c:439:13:MX_TIM3_Init	40	static
main.c:484:13:MX_TIM4_Init	56	static
main.c:317:13:MX_ADC1_Init	32	static
main.c:401:13:MX_SPI2_Init	8	static
main.c:274:6:SystemClock_Config	96	static
main.c:182:5:main	96	static
main.c:711:6:PWM1_Set	0	static
main.c:715:6:PWM2_Set	0	static
main.c:720:6:PWM3_Set	0	static
main.c:724:6:PWM4_Set	0	static
main.c:683:6:ARM_ESCs	8	static
main.c:841:5:map	4	static
main.c:850:5:__io_putchar	16	static
main.c:858:5:_write	16	static
main.c:866:6:printToPC	0	static
main.c:898:6:unpackRxData	0	static
main.c:744:6:pulse_posedge_handler	40	static
main.c:888:6:HAL_GPIO_EXTI_Callback	8	static
main.c:914:6:Error_Handler	0	static
