main.c:477:13:MX_GPIO_Init	64	static
main.c:444:13:MX_USART2_UART_Init	8	static
main.c:294:13:MX_I2C2_Init	8	static
main.c:328:13:MX_TIM3_Init	40	static
main.c:373:13:MX_TIM4_Init	72	static
main.c:250:6:SystemClock_Config	96	static
main.c:539:6:PWM1_Set	0	static
main.c:543:6:PWM2_Set	0	static
main.c:548:6:PWM3_Set	0	static
main.c:552:6:PWM4_Set	0	static
main.c:511:6:ARM_ESCs	8	static
main.c:557:6:HAL_TIM_PWM_PulseFinishedCallback	4	static
main.c:615:6:map	4	static
main.c:619:6:user_pwm_setvalue	48	static
main.c:637:5:__io_putchar	16	static
main.c:646:5:_write	16	static
main.c:654:6:printftest	8	static
main.c:671:6:print_imu	8	static
main.c:127:5:main	24	static
main.c:687:6:Error_Handler	0	static
