main.c:842:13:MX_GPIO_Init	56	static
main.c:822:13:MX_DMA_Init	16	static
main.c:758:13:MX_USART2_UART_Init	8	static
main.c:791:13:MX_USART6_UART_Init	8	static
main.c:527:13:MX_I2C2_Init	8	static
main.c:666:13:MX_TIM4_Init	56	static
main.c:372:13:MX_ADC1_Init	40	static
main.c:561:13:MX_SPI2_Init	8	static
main.c:727:13:MX_TIM11_Init	8	static
main.c:599:13:MX_TIM3_Init	88	static
main.c:328:6:SystemClock_Config	96	static
main.c:920:6:PWM1_Set	0	static
main.c:924:6:PWM2_Set	0	static
main.c:929:6:PWM3_Set	0	static
main.c:933:6:PWM4_Set	0	static
main.c:894:6:ARM_ESCs	8	static
main.c:199:5:main	104	static
main.c:1097:7:map	4	static
main.c:1106:5:__io_putchar	16	static
main.c:1114:5:_write	16	static
main.c:1122:6:printToPC	0	static
main.c:1167:6:unpackRxData	0	static
main.c:1178:6:packAckPayData_0	0	static
main.c:1218:6:packAckPayData_1	0	static
main.c:953:6:pulse_posedge_handler	24	static
main.c:1144:6:HAL_GPIO_EXTI_Callback	8	static
main.c:1294:6:Error_Handler	0	static
