main.c:577:13:MX_GPIO_Init	64	static
main.c:557:13:MX_DMA_Init	16	static
main.c:493:13:MX_USART2_UART_Init	8	static
main.c:526:13:MX_USART6_UART_Init	8	static
main.c:315:13:MX_I2C2_Init	8	static
main.c:387:13:MX_TIM3_Init	40	static
main.c:432:13:MX_TIM4_Init	56	static
main.c:349:13:MX_SPI2_Init	8	static
main.c:271:6:SystemClock_Config	96	static
main.c:659:6:PWM1_Set	0	static
main.c:663:6:PWM2_Set	0	static
main.c:668:6:PWM3_Set	0	static
main.c:672:6:PWM4_Set	0	static
main.c:631:6:ARM_ESCs	8	static
main.c:167:5:main	8	static
main.c:677:6:pulse_posedge_handler	16	static
main.c:744:6:map	4	static
main.c:753:5:__io_putchar	16	static
main.c:761:5:_write	16	static
main.c:769:6:printToPC	0	static
main.c:789:6:HAL_GPIO_EXTI_Callback	8	static
main.c:804:6:Error_Handler	0	static
