main.c:782:13:MX_GPIO_Init	56	static
main.c:762:13:MX_DMA_Init	16	static
main.c:702:13:MX_USART2_UART_Init	8	static
main.c:733:13:MX_USART6_UART_Init	8	static
main.c:485:13:MX_I2C2_Init	8	static
main.c:614:13:MX_TIM4_Init	56	static
main.c:348:13:MX_ADC1_Init	40	static
main.c:517:13:MX_SPI2_Init	8	static
main.c:673:13:MX_TIM11_Init	8	static
main.c:553:13:MX_TIM3_Init	88	static
main.c:306:6:SystemClock_Config	96	static
main.c:853:6:PWM1_Set	0	static
main.c:857:6:PWM2_Set	0	static
main.c:862:6:PWM3_Set	0	static
main.c:866:6:PWM4_Set	0	static
main.c:827:6:ARM_ESCs	8	static
main.c:196:5:main	96	static
main.c:1030:7:map	4	static
main.c:1039:5:__io_putchar	16	static
main.c:1047:5:_write	16	static
main.c:1055:6:printToPC	0	static
main.c:1089:6:unpackRxData	0	static
main.c:1100:6:packAckPayData_0	0	static
main.c:1140:6:packAckPayData_1	0	static
main.c:886:6:pulse_posedge_handler	24	static
main.c:1077:6:HAL_GPIO_EXTI_Callback	8	static
main.c:1216:6:Error_Handler	0	static
