main.c:602:13:MX_GPIO_Init	64	static
main.c:582:13:MX_DMA_Init	16	static
main.c:522:13:MX_USART2_UART_Init	8	static
main.c:553:13:MX_USART6_UART_Init	8	static
main.c:353:13:MX_I2C2_Init	8	static
main.c:421:13:MX_TIM3_Init	40	static
main.c:463:13:MX_TIM4_Init	56	static
main.c:306:13:MX_ADC1_Init	32	static
main.c:385:13:MX_SPI2_Init	8	static
main.c:264:6:SystemClock_Config	96	static
main.c:173:5:main	96	static
main.c:687:6:PWM1_Set	0	static
main.c:691:6:PWM2_Set	0	static
main.c:696:6:PWM3_Set	0	static
main.c:700:6:PWM4_Set	0	static
main.c:659:6:ARM_ESCs	8	static
main.c:705:6:pulse_posedge_handler	16	static
main.c:772:6:map	4	static
main.c:781:5:__io_putchar	16	static
main.c:789:5:_write	16	static
main.c:797:6:printToPC	0	static
main.c:818:6:HAL_GPIO_EXTI_Callback	8	static
main.c:833:6:Error_Handler	0	static
