main.c:684:13:MX_GPIO_Init	56	static
main.c:664:13:MX_DMA_Init	16	static
main.c:604:13:MX_USART2_UART_Init	8	static
main.c:635:13:MX_USART6_UART_Init	8	static
main.c:387:13:MX_I2C2_Init	8	static
main.c:516:13:MX_TIM4_Init	56	static
main.c:340:13:MX_ADC1_Init	32	static
main.c:419:13:MX_SPI2_Init	8	static
main.c:575:13:MX_TIM11_Init	8	static
main.c:455:13:MX_TIM3_Init	88	static
main.c:298:6:SystemClock_Config	96	static
main.c:757:6:PWM1_Set	0	static
main.c:761:6:PWM2_Set	0	static
main.c:766:6:PWM3_Set	0	static
main.c:770:6:PWM4_Set	0	static
main.c:729:6:ARM_ESCs	8	static
main.c:196:5:main	96	static
main.c:927:7:map	4	static
main.c:936:5:__io_putchar	16	static
main.c:944:5:_write	16	static
main.c:952:6:printToPC	0	static
main.c:986:6:unpackRxData	0	static
main.c:997:6:packAckPayData_0	0	static
main.c:1037:6:packAckPayData_1	0	static
main.c:790:6:pulse_posedge_handler	24	static
main.c:974:6:HAL_GPIO_EXTI_Callback	8	static
main.c:1113:6:Error_Handler	0	static
