main.c:480:13:MX_GPIO_Init	64	static
main.c:447:13:MX_USART2_UART_Init	8	static
main.c:297:13:MX_I2C2_Init	8	static
main.c:331:13:MX_TIM3_Init	40	static
main.c:376:13:MX_TIM4_Init	72	static
main.c:253:6:SystemClock_Config	96	static
main.c:563:6:PWM1_Set	0	static
main.c:567:6:PWM2_Set	0	static
main.c:572:6:PWM3_Set	0	static
main.c:576:6:PWM4_Set	0	static
main.c:535:6:ARM_ESCs	8	static
main.c:156:5:main	8	static
main.c:581:6:pulse_complete_handler	16	static
main.c:650:6:map	4	static
main.c:659:5:__io_putchar	16	static
main.c:667:5:_write	16	static
main.c:675:6:printToPC	0	static
main.c:691:6:HAL_GPIO_EXTI_Callback	8	static
main.c:721:6:Error_Handler	0	static
