main.c:657:13:MX_GPIO_Init	64	static
main.c:637:13:MX_DMA_Init	16	static
main.c:573:13:MX_USART2_UART_Init	8	static
main.c:606:13:MX_USART6_UART_Init	8	static
main.c:373:13:MX_I2C2_Init	8	static
main.c:512:13:MX_TIM4_Init	56	static
main.c:323:13:MX_ADC1_Init	32	static
main.c:407:13:MX_SPI2_Init	8	static
main.c:445:13:MX_TIM3_Init	88	static
main.c:280:6:SystemClock_Config	96	static
main.c:184:5:main	8	static
main.c:739:6:PWM1_Set	0	static
main.c:743:6:PWM2_Set	0	static
main.c:748:6:PWM3_Set	0	static
main.c:752:6:PWM4_Set	0	static
main.c:711:6:ARM_ESCs	8	static
main.c:873:5:map	4	static
main.c:882:5:__io_putchar	16	static
main.c:890:5:_write	16	static
main.c:898:6:printToPC	0	static
main.c:932:6:unpackRxData	0	static
main.c:772:6:pulse_posedge_handler	32	static
main.c:920:6:HAL_GPIO_EXTI_Callback	8	static
main.c:943:6:packAckPayData	0	static
main.c:949:6:HAL_TIM_IC_CaptureCallback	0	static
main.c:957:6:HAL_TIM_PeriodElapsedCallback	0	static
main.c:965:6:HAL_TIM_OC_DelayElapsedCallback	8	static
main.c:979:6:Error_Handler	0	static
