stm32f4xx_it.c:78:6:NMI_Handler	0	static
stm32f4xx_it.c:91:6:HardFault_Handler	0	static
stm32f4xx_it.c:106:6:MemManage_Handler	0	static
stm32f4xx_it.c:121:6:BusFault_Handler	0	static
stm32f4xx_it.c:136:6:UsageFault_Handler	0	static
stm32f4xx_it.c:151:6:DebugMon_Handler	0	static
stm32f4xx_it.c:171:6:FLASH_IRQHandler	8	static
stm32f4xx_it.c:185:6:RCC_IRQHandler	0	static
stm32f4xx_it.c:198:6:EXTI9_5_IRQHandler	8	static
stm32f4xx_it.c:212:6:TIM1_UP_TIM10_IRQHandler	8	static
stm32f4xx_it.c:227:6:SPI2_IRQHandler	8	static
stm32f4xx_it.c:241:6:DMA2_Stream1_IRQHandler	8	static
stm32f4xx_it.c:255:6:USART6_IRQHandler	8	static
