stm32f4xx_it.c:73:6:NMI_Handler	0	static
stm32f4xx_it.c:86:6:HardFault_Handler	0	static
stm32f4xx_it.c:101:6:MemManage_Handler	0	static
stm32f4xx_it.c:116:6:BusFault_Handler	0	static
stm32f4xx_it.c:131:6:UsageFault_Handler	0	static
stm32f4xx_it.c:146:6:SVC_Handler	0	static
stm32f4xx_it.c:159:6:DebugMon_Handler	0	static
stm32f4xx_it.c:172:6:PendSV_Handler	0	static
stm32f4xx_it.c:185:6:SysTick_Handler	8	static
stm32f4xx_it.c:206:6:EXTI4_IRQHandler	8	static
stm32f4xx_it.c:220:6:DMA1_Stream2_IRQHandler	8	static
stm32f4xx_it.c:234:6:EXTI9_5_IRQHandler	8	static
stm32f4xx_it.c:248:6:I2C2_EV_IRQHandler	8	static
stm32f4xx_it.c:262:6:I2C2_ER_IRQHandler	8	static
stm32f4xx_it.c:276:6:DMA1_Stream7_IRQHandler	8	static
