inv_mpu.c:2164:12:accel_6500_self_test	80	static
inv_mpu.c:2254:12:gyro_6500_self_test	80	static
inv_mpu.c:2347:12:get_st_6500_biases	584	static
inv_mpu.c:2007:12:get_st_biases	48	static
inv_mpu.c:573:5:set_int_enable	16	static
inv_mpu.c:605:5:mpu_reg_dump	16	static
inv_mpu.c:627:5:mpu_read_reg	8	static
inv_mpu.c:827:5:mpu_get_gyro_reg	24	static
inv_mpu.c:850:5:mpu_get_accel_reg	24	static
inv_mpu.c:873:5:mpu_get_temperature	32	static
inv_mpu.c:899:5:mpu_read_6500_accel_bias	16	static
inv_mpu.c:921:5:mpu_read_6050_accel_bias	16	static
inv_mpu.c:935:5:mpu_read_6500_gyro_bias	16	static
inv_mpu.c:957:5:mpu_set_gyro_bias_reg	16	static
inv_mpu.c:987:5:mpu_set_accel_bias_6050_reg	32	static
inv_mpu.c:1025:5:mpu_set_accel_bias_6500_reg	32	static
inv_mpu.c:1059:5:mpu_reset_fifo	16	static
inv_mpu.c:1121:5:mpu_get_gyro_fsr	0	static
inv_mpu.c:1148:5:mpu_set_gyro_fsr	16	static
inv_mpu.c:1185:5:mpu_get_accel_fsr	0	static
inv_mpu.c:1213:5:mpu_set_accel_fsr	16	static
inv_mpu.c:1250:5:mpu_get_lpf	0	static
inv_mpu.c:1286:5:mpu_set_lpf	16	static
inv_mpu.c:1319:5:mpu_get_sample_rate	0	static
inv_mpu.c:1381:5:mpu_get_compass_sample_rate	0	static
inv_mpu.c:1403:5:mpu_set_compass_sample_rate	16	static
inv_mpu.c:1425:5:mpu_get_gyro_sens	0	static
inv_mpu.c:1451:5:mpu_get_accel_sens	0	static
inv_mpu.c:1483:5:mpu_get_fifo_config	0	static
inv_mpu.c:1498:5:mpu_configure_fifo	16	static
inv_mpu.c:1540:5:mpu_get_power_state	0	static
inv_mpu.c:1636:5:mpu_get_int_status	16	static
inv_mpu.c:1665:5:mpu_read_fifo	48	static
inv_mpu.c:1746:5:mpu_read_fifo_stream	32	static
inv_mpu.c:1784:5:mpu_set_bypass	16	static
inv_mpu.c:2867:12:setup_compass	16	static
inv_mpu.c:1943:12:compass_self_test	32	static
inv_mpu.c:1834:5:mpu_set_int_level	0	static
inv_mpu.c:1846:5:mpu_set_int_latched	16	static
inv_mpu.c:743:5:mpu_lp_accel_mode	16	static
inv_mpu.c:1334:5:mpu_set_sample_rate	24	static
inv_mpu.c:1559:5:mpu_set_sensors	24	static
inv_mpu.c:649:5:mpu_init	16	static
inv_mpu.c:2714:5:mpu_write_mem	24	static
inv_mpu.c:2747:5:mpu_read_mem	24	static
inv_mpu.c:2779:5:mpu_load_firmware	64	static
inv_mpu.c:2820:5:mpu_set_dmp_state	24	static
inv_mpu.c:2489:5:mpu_run_6500_self_test	64	static
inv_mpu.c:2610:5:mpu_run_self_test	32	static
inv_mpu.c:2859:5:mpu_get_dmp_state	0	static
inv_mpu.c:2975:5:mpu_get_compass_reg	40	static
inv_mpu.c:3028:5:mpu_get_compass_fsr	0	static
inv_mpu.c:3076:5:mpu_lp_motion_interrupt	24	static
