inv_mpu_dmp_motion_driver.c:1160:12:decode_gesture	16	static
inv_mpu_dmp_motion_driver.c:475:5:dmp_load_motion_driver_firmware	8	static
inv_mpu_dmp_motion_driver.c:488:5:dmp_set_orientation	32	static
inv_mpu_dmp_motion_driver.c:543:5:dmp_set_gyro_bias	48	static
inv_mpu_dmp_motion_driver.c:595:5:dmp_set_accel_bias	56	static
inv_mpu_dmp_motion_driver.c:647:5:dmp_set_fifo_rate	32	static
inv_mpu_dmp_motion_driver.c:673:5:dmp_get_fifo_rate	0	static
inv_mpu_dmp_motion_driver.c:685:5:dmp_set_tap_thresh	24	static
inv_mpu_dmp_motion_driver.c:751:5:dmp_set_tap_axes	16	static
inv_mpu_dmp_motion_driver.c:769:5:dmp_set_tap_count	16	static
inv_mpu_dmp_motion_driver.c:787:5:dmp_set_tap_time	16	static
inv_mpu_dmp_motion_driver.c:803:5:dmp_set_tap_time_multi	16	static
inv_mpu_dmp_motion_driver.c:821:5:dmp_set_shake_reject_thresh	16	static
inv_mpu_dmp_motion_driver.c:840:5:dmp_set_shake_reject_time	16	static
inv_mpu_dmp_motion_driver.c:858:5:dmp_set_shake_reject_timeout	16	static
inv_mpu_dmp_motion_driver.c:873:5:dmp_get_pedometer_step_count	16	static
inv_mpu_dmp_motion_driver.c:894:5:dmp_set_pedometer_step_count	16	static
inv_mpu_dmp_motion_driver.c:910:5:dmp_get_pedometer_walk_time	16	static
inv_mpu_dmp_motion_driver.c:930:5:dmp_set_pedometer_walk_time	16	static
inv_mpu_dmp_motion_driver.c:1082:5:dmp_get_enabled_features	0	static
inv_mpu_dmp_motion_driver.c:1097:5:dmp_enable_gyro_cal	24	static
inv_mpu_dmp_motion_driver.c:1115:5:dmp_enable_lp_quat	16	static
inv_mpu_dmp_motion_driver.c:1139:5:dmp_enable_6x_lp_quat	16	static
inv_mpu_dmp_motion_driver.c:960:5:dmp_enable_feature	40	static
inv_mpu_dmp_motion_driver.c:1192:5:dmp_set_interrupt_mode	40	static
inv_mpu_dmp_motion_driver.c:1231:5:dmp_read_fifo	64	static
inv_mpu_dmp_motion_driver.c:1324:5:dmp_register_tap_cb	0	static
inv_mpu_dmp_motion_driver.c:1335:5:dmp_register_android_orient_cb	0	static
