inv_mpu.c:2162:12:accel_6500_self_test	80	static
inv_mpu.c:2252:12:gyro_6500_self_test	80	static
inv_mpu.c:2345:12:get_st_6500_biases	584	static
inv_mpu.c:2005:12:get_st_biases	48	static
inv_mpu.c:571:5:set_int_enable	16	static
inv_mpu.c:603:5:mpu_reg_dump	16	static
inv_mpu.c:625:5:mpu_read_reg	8	static
inv_mpu.c:825:5:mpu_get_gyro_reg	24	static
inv_mpu.c:848:5:mpu_get_accel_reg	24	static
inv_mpu.c:871:5:mpu_get_temperature	32	static
inv_mpu.c:897:5:mpu_read_6500_accel_bias	16	static
inv_mpu.c:919:5:mpu_read_6050_accel_bias	16	static
inv_mpu.c:933:5:mpu_read_6500_gyro_bias	16	static
inv_mpu.c:955:5:mpu_set_gyro_bias_reg	16	static
inv_mpu.c:985:5:mpu_set_accel_bias_6050_reg	32	static
inv_mpu.c:1023:5:mpu_set_accel_bias_6500_reg	32	static
inv_mpu.c:1057:5:mpu_reset_fifo	16	static
inv_mpu.c:1119:5:mpu_get_gyro_fsr	0	static
inv_mpu.c:1146:5:mpu_set_gyro_fsr	16	static
inv_mpu.c:1183:5:mpu_get_accel_fsr	0	static
inv_mpu.c:1211:5:mpu_set_accel_fsr	16	static
inv_mpu.c:1248:5:mpu_get_lpf	0	static
inv_mpu.c:1284:5:mpu_set_lpf	16	static
inv_mpu.c:1317:5:mpu_get_sample_rate	0	static
inv_mpu.c:1379:5:mpu_get_compass_sample_rate	0	static
inv_mpu.c:1401:5:mpu_set_compass_sample_rate	16	static
inv_mpu.c:1423:5:mpu_get_gyro_sens	0	static
inv_mpu.c:1449:5:mpu_get_accel_sens	0	static
inv_mpu.c:1481:5:mpu_get_fifo_config	0	static
inv_mpu.c:1496:5:mpu_configure_fifo	16	static
inv_mpu.c:1538:5:mpu_get_power_state	0	static
inv_mpu.c:1634:5:mpu_get_int_status	16	static
inv_mpu.c:1663:5:mpu_read_fifo	48	static
inv_mpu.c:1744:5:mpu_read_fifo_stream	32	static
inv_mpu.c:1782:5:mpu_set_bypass	16	static
inv_mpu.c:2865:12:setup_compass	16	static
inv_mpu.c:1941:12:compass_self_test	32	static
inv_mpu.c:1832:5:mpu_set_int_level	0	static
inv_mpu.c:1844:5:mpu_set_int_latched	16	static
inv_mpu.c:741:5:mpu_lp_accel_mode	16	static
inv_mpu.c:1332:5:mpu_set_sample_rate	24	static
inv_mpu.c:1557:5:mpu_set_sensors	24	static
inv_mpu.c:647:5:mpu_init	16	static
inv_mpu.c:2712:5:mpu_write_mem	24	static
inv_mpu.c:2745:5:mpu_read_mem	24	static
inv_mpu.c:2777:5:mpu_load_firmware	64	static
inv_mpu.c:2818:5:mpu_set_dmp_state	24	static
inv_mpu.c:2487:5:mpu_run_6500_self_test	64	static
inv_mpu.c:2608:5:mpu_run_self_test	32	static
inv_mpu.c:2857:5:mpu_get_dmp_state	0	static
inv_mpu.c:2973:5:mpu_get_compass_reg	40	static
inv_mpu.c:3026:5:mpu_get_compass_fsr	0	static
inv_mpu.c:3074:5:mpu_lp_motion_interrupt	24	static
